Last login: Tue Sep 19 07:25:49 on ttys000
Catalinas-MacBook-Pro:~ catalinaene$ cd desktop
Catalinas-MacBook-Pro:desktop catalinaene$ mkdir GitHubRepoAssignment
Catalinas-MacBook-Pro:desktop catalinaene$ cd GitHubRepoAssignment
Catalinas-MacBook-Pro:GitHubRepoAssignment catalinaene$ git init
Initialized empty Git repository in /Users/catalinaene/Desktop/GitHubRepoAssignment/.git/
Catalinas-MacBook-Pro:GitHubRepoAssignment catalinaene$ touch readme.md
Catalinas-MacBook-Pro:GitHubRepoAssignment catalinaene$ echo "This folder is for assignments to be uploaded." >> readme.md
Catalinas-MacBook-Pro:GitHubRepoAssignment catalinaene$ git status
On branch master

No commits yet

Untracked files:
  (use "git add <file>..." to include in what will be committed)

	readme.md

nothing added to commit but untracked files present (use "git add" to track)
Catalinas-MacBook-Pro:GitHubRepoAssignment catalinaene$ git add .
Catalinas-MacBook-Pro:GitHubRepoAssignment catalinaene$ git commit -m " added readme.md and explained contents"
[master (root-commit) 94ae8e0]  added readme.md and explained contents
 1 file changed, 1 insertion(+)
 create mode 100644 readme.md
Catalinas-MacBook-Pro:GitHubRepoAssignment catalinaene$ git status
On branch master
nothing to commit, working tree clean
Catalinas-MacBook-Pro:GitHubRepoAssignment catalinaene$ git remote add origin https://github.com/enecatalina/GitHubRepoAssignment.git
Catalinas-MacBook-Pro:GitHubRepoAssignment catalinaene$ git push -u origin master
Username for 'https://github.com': enecatalina
Password for 'https://enecatalina@github.com': 
remote: Invalid username or password.
fatal: Authentication failed for 'https://github.com/enecatalina/GitHubRepoAssignment.git/'
Catalinas-MacBook-Pro:GitHubRepoAssignment catalinaene$ git remote add origin https://github.com/enecatalina/GitHubRepoAssignment.git
fatal: remote origin already exists.
Catalinas-MacBook-Pro:GitHubRepoAssignment catalinaene$ git push -u origin master
Username for 'https://github.com': enecatalina
Password for 'https://enecatalina@github.com': 
remote: Invalid username or password.
fatal: Authentication failed for 'https://github.com/enecatalina/GitHubRepoAssignment.git/'
Catalinas-MacBook-Pro:GitHubRepoAssignment catalinaene$ git remote add origin https://github.com/enecatalina/GitHubRepoAssignment.git
fatal: remote origin already exists.
Catalinas-MacBook-Pro:GitHubRepoAssignment catalinaene$ git push -u origin master
Username for 'https://github.com': enecatalina
Password for 'https://enecatalina@github.com': 
remote: Invalid username or password.
fatal: Authentication failed for 'https://github.com/enecatalina/GitHubRepoAssignment.git/'
Catalinas-MacBook-Pro:GitHubRepoAssignment catalinaene$ git remote add origin https://github.com/enecatalina/GitHubRepoAssignment.git
fatal: remote origin already exists.
Catalinas-MacBook-Pro:GitHubRepoAssignment catalinaene$ git push -u origin master
Username for 'https://github.com': enecatalina
Password for 'https://enecatalina@github.com': 
remote: Invalid username or password.
fatal: Authentication failed for 'https://github.com/enecatalina/GitHubRepoAssignment.git/'
Catalinas-MacBook-Pro:GitHubRepoAssignment catalinaene$ git push -u origin master
Username for 'https://github.com': enecatalina
Password for 'https://enecatalina@github.com': 
remote: Invalid username or password.
fatal: Authentication failed for 'https://github.com/enecatalina/GitHubRepoAssignment.git/'
Catalinas-MacBook-Pro:GitHubRepoAssignment catalinaene$ git push -u origin master
Username for 'https://github.com': enecatalina
Password for 'https://enecatalina@github.com': 
Counting objects: 3, done.
Writing objects: 100% (3/3), 275 bytes | 275.00 KiB/s, done.
Total 3 (delta 0), reused 0 (delta 0)
To https://github.com/enecatalina/GitHubRepoAssignment.git
 * [new branch]      master -> master
Branch master set up to track remote branch master from origin.
Catalinas-MacBook-Pro:GitHubRepoAssignment catalinaene$ 
